n/Stop999.jpg
n/Stop998.jpg
n/Stop997.jpg
n/Stop996.jpg
n/Stop995.jpg
n/Stop994.jpg
n/Stop993.jpg
n/Stop992.jpg
n/Stop991.jpg
n/Stop990.jpg
n/Stop99.jpg
n/Stop989.jpg
n/Stop988.jpg
n/Stop987.jpg
n/Stop986.jpg
n/Stop985.jpg
n/Stop984.jpg
n/Stop983.jpg
n/Stop982.jpg
n/Stop981.jpg
n/Stop980.jpg
n/Stop98.jpg
n/Stop979.jpg
n/Stop978.jpg
n/Stop977.jpg
n/Stop976.jpg
n/Stop975.jpg
n/Stop974.jpg
n/Stop973.jpg
n/Stop972.jpg
n/Stop971.jpg
n/Stop970.jpg
n/Stop97.jpg
n/Stop969.jpg
n/Stop968.jpg
n/Stop967.jpg
n/Stop966.jpg
n/Stop965.jpg
n/Stop964.jpg
n/Stop963.jpg
n/Stop962.jpg
n/Stop961.jpg
n/Stop960.jpg
n/Stop96.jpg
n/Stop959.jpg
n/Stop958.jpg
n/Stop957.jpg
n/Stop956.jpg
n/Stop955.jpg
n/Stop954.jpg
n/Stop953.jpg
n/Stop952.jpg
n/Stop951.jpg
n/Stop950.jpg
n/Stop95.jpg
n/Stop949.jpg
n/Stop948.jpg
n/Stop947.jpg
n/Stop946.jpg
n/Stop945.jpg
n/Stop944.jpg
n/Stop943.jpg
n/Stop942.jpg
n/Stop941.jpg
n/Stop940.jpg
n/Stop94.jpg
n/Stop939.jpg
n/Stop938.jpg
n/Stop937.jpg
n/Stop936.jpg
n/Stop935.jpg
n/Stop934.jpg
n/Stop933.jpg
n/Stop932.jpg
n/Stop931.jpg
n/Stop930.jpg
n/Stop93.jpg
n/Stop929.jpg
n/Stop928.jpg
n/Stop927.jpg
n/Stop926.jpg
n/Stop925.jpg
n/Stop924.jpg
n/Stop923.jpg
n/Stop922.jpg
n/Stop921.jpg
n/Stop920.jpg
n/Stop92.jpg
n/Stop919.jpg
n/Stop918.jpg
n/Stop917.jpg
n/Stop916.jpg
n/Stop915.jpg
n/Stop914.jpg
n/Stop913.jpg
n/Stop912.jpg
n/Stop911.jpg
n/Stop910.jpg
n/Stop91.jpg
n/Stop909.jpg
n/Stop908.jpg
n/Stop907.jpg
n/Stop906.jpg
n/Stop905.jpg
n/Stop904.jpg
n/Stop903.jpg
n/Stop902.jpg
n/Stop901.jpg
n/Stop900.jpg
n/Stop90.jpg
n/Stop9.jpg
n/Stop899.jpg
n/Stop898.jpg
n/Stop897.jpg
n/Stop896.jpg
n/Stop895.jpg
n/Stop894.jpg
n/Stop893.jpg
n/Stop892.jpg
n/Stop891.jpg
n/Stop890.jpg
n/Stop89.jpg
n/Stop889.jpg
n/Stop888.jpg
n/Stop887.jpg
n/Stop886.jpg
n/Stop885.jpg
n/Stop884.jpg
n/Stop883.jpg
n/Stop882.jpg
n/Stop881.jpg
n/Stop880.jpg
n/Stop88.jpg
n/Stop879.jpg
n/Stop878.jpg
n/Stop877.jpg
n/Stop876.jpg
n/Stop875.jpg
n/Stop874.jpg
n/Stop873.jpg
n/Stop872.jpg
n/Stop871.jpg
n/Stop870.jpg
n/Stop87.jpg
n/Stop869.jpg
n/Stop868.jpg
n/Stop867.jpg
n/Stop866.jpg
n/Stop865.jpg
n/Stop864.jpg
n/Stop863.jpg
n/Stop862.jpg
n/Stop861.jpg
n/Stop860.jpg
n/Stop86.jpg
n/Stop859.jpg
n/Stop858.jpg
n/Stop857.jpg
n/Stop856.jpg
n/Stop855.jpg
n/Stop854.jpg
n/Stop853.jpg
n/Stop852.jpg
n/Stop851.jpg
n/Stop850.jpg
n/Stop85.jpg
n/Stop849.jpg
n/Stop848.jpg
n/Stop847.jpg
n/Stop846.jpg
n/Stop845.jpg
n/Stop844.jpg
n/Stop843.jpg
n/Stop842.jpg
n/Stop841.jpg
n/Stop840.jpg
n/Stop84.jpg
n/Stop839.jpg
n/Stop838.jpg
n/Stop837.jpg
n/Stop836.jpg
n/Stop835.jpg
n/Stop834.jpg
n/Stop833.jpg
n/Stop832.jpg
n/Stop831.jpg
n/Stop830.jpg
n/Stop83.jpg
n/Stop829.jpg
n/Stop828.jpg
n/Stop827.jpg
n/Stop826.jpg
n/Stop825.jpg
n/Stop824.jpg
n/Stop823.jpg
n/Stop822.jpg
n/Stop821.jpg
n/Stop820.jpg
n/Stop82.jpg
n/Stop819.jpg
n/Stop818.jpg
n/Stop817.jpg
n/Stop816.jpg
n/Stop815.jpg
n/Stop814.jpg
n/Stop813.jpg
n/Stop812.jpg
n/Stop811.jpg
n/Stop810.jpg
n/Stop81.jpg
n/Stop809.jpg
n/Stop808.jpg
n/Stop807.jpg
n/Stop806.jpg
n/Stop805.jpg
n/Stop804.jpg
n/Stop803.jpg
n/Stop802.jpg
n/Stop801.jpg
n/Stop800.jpg
n/Stop80.jpg
n/Stop8.jpg
n/Stop799.jpg
n/Stop798.jpg
n/Stop797.jpg
n/Stop796.jpg
n/Stop795.jpg
n/Stop794.jpg
n/Stop793.jpg
n/Stop792.jpg
n/Stop791.jpg
n/Stop790.jpg
n/Stop79.jpg
n/Stop789.jpg
n/Stop788.jpg
n/Stop787.jpg
n/Stop786.jpg
n/Stop785.jpg
n/Stop784.jpg
n/Stop783.jpg
n/Stop782.jpg
n/Stop781.jpg
n/Stop780.jpg
n/Stop78.jpg
n/Stop779.jpg
n/Stop778.jpg
n/Stop777.jpg
n/Stop776.jpg
n/Stop775.jpg
n/Stop774.jpg
n/Stop773.jpg
n/Stop772.jpg
n/Stop771.jpg
n/Stop770.jpg
n/Stop77.jpg
n/Stop769.jpg
n/Stop768.jpg
n/Stop767.jpg
n/Stop766.jpg
n/Stop765.jpg
n/Stop764.jpg
n/Stop763.jpg
n/Stop762.jpg
n/Stop761.jpg
n/Stop760.jpg
n/Stop76.jpg
n/Stop759.jpg
n/Stop758.jpg
n/Stop757.jpg
n/Stop756.jpg
n/Stop755.jpg
n/Stop754.jpg
n/Stop753.jpg
n/Stop752.jpg
n/Stop751.jpg
n/Stop750.jpg
n/Stop75.jpg
n/Stop749.jpg
n/Stop748.jpg
n/Stop747.jpg
n/Stop746.jpg
n/Stop745.jpg
n/Stop744.jpg
n/Stop743.jpg
n/Stop742.jpg
n/Stop741.jpg
n/Stop740.jpg
n/Stop74.jpg
n/Stop739.jpg
n/Stop738.jpg
n/Stop737.jpg
n/Stop736.jpg
n/Stop735.jpg
n/Stop734.jpg
n/Stop733.jpg
n/Stop732.jpg
n/Stop731.jpg
n/Stop730.jpg
n/Stop73.jpg
n/Stop729.jpg
n/Stop728.jpg
n/Stop727.jpg
n/Stop726.jpg
n/Stop725.jpg
n/Stop724.jpg
n/Stop723.jpg
n/Stop722.jpg
n/Stop721.jpg
n/Stop720.jpg
n/Stop72.jpg
n/Stop719.jpg
n/Stop718.jpg
n/Stop717.jpg
n/Stop716.jpg
n/Stop715.jpg
n/Stop714.jpg
n/Stop713.jpg
n/Stop712.jpg
n/Stop711.jpg
n/Stop710.jpg
n/Stop71.jpg
n/Stop709.jpg
n/Stop708.jpg
n/Stop707.jpg
n/Stop706.jpg
n/Stop705.jpg
n/Stop704.jpg
n/Stop703.jpg
n/Stop702.jpg
n/Stop701.jpg
n/Stop700.jpg
n/Stop70.jpg
n/Stop7.jpg
n/Stop699.jpg
n/Stop698.jpg
n/Stop697.jpg
n/Stop696.jpg
n/Stop695.jpg
n/Stop694.jpg
n/Stop693.jpg
n/Stop692.jpg
n/Stop691.jpg
n/Stop690.jpg
n/Stop69.jpg
n/Stop689.jpg
n/Stop688.jpg
n/Stop687.jpg
n/Stop686.jpg
n/Stop685.jpg
n/Stop684.jpg
n/Stop683.jpg
n/Stop682.jpg
n/Stop681.jpg
n/Stop680.jpg
n/Stop68.jpg
n/Stop679.jpg
n/Stop678.jpg
n/Stop677.jpg
n/Stop676.jpg
n/Stop675.jpg
n/Stop674.jpg
n/Stop673.jpg
n/Stop672.jpg
n/Stop671.jpg
n/Stop670.jpg
n/Stop67.jpg
n/Stop669.jpg
n/Stop668.jpg
n/Stop667.jpg
n/Stop666.jpg
n/Stop665.jpg
n/Stop664.jpg
n/Stop663.jpg
n/Stop662.jpg
n/Stop661.jpg
n/Stop660.jpg
n/Stop66.jpg
n/Stop659.jpg
n/Stop658.jpg
n/Stop657.jpg
n/Stop656.jpg
n/Stop655.jpg
n/Stop654.jpg
n/Stop653.jpg
n/Stop652.jpg
n/Stop651.jpg
n/Stop650.jpg
n/Stop65.jpg
n/Stop649.jpg
n/Stop648.jpg
n/Stop647.jpg
n/Stop646.jpg
n/Stop645.jpg
n/Stop644.jpg
n/Stop643.jpg
n/Stop642.jpg
n/Stop641.jpg
n/Stop640.jpg
n/Stop64.jpg
n/Stop639.jpg
n/Stop638.jpg
n/Stop637.jpg
n/Stop636.jpg
n/Stop635.jpg
n/Stop634.jpg
n/Stop633.jpg
n/Stop632.jpg
n/Stop631.jpg
n/Stop630.jpg
n/Stop63.jpg
n/Stop629.jpg
n/Stop628.jpg
n/Stop627.jpg
n/Stop626.jpg
n/Stop625.jpg
n/Stop624.jpg
n/Stop623.jpg
n/Stop622.jpg
n/Stop621.jpg
n/Stop620.jpg
n/Stop62.jpg
n/Stop619.jpg
n/Stop618.jpg
n/Stop617.jpg
n/Stop616.jpg
n/Stop615.jpg
n/Stop614.jpg
n/Stop613.jpg
n/Stop612.jpg
n/Stop611.jpg
n/Stop610.jpg
n/Stop61.jpg
n/Stop609.jpg
n/Stop608.jpg
n/Stop607.jpg
n/Stop606.jpg
n/Stop605.jpg
n/Stop604.jpg
n/Stop603.jpg
n/Stop602.jpg
n/Stop601.jpg
n/Stop600.jpg
n/Stop60.jpg
n/Stop6.jpg
n/Stop599.jpg
n/Stop598.jpg
n/Stop597.jpg
n/Stop596.jpg
n/Stop595.jpg
n/Stop594.jpg
n/Stop593.jpg
n/Stop592.jpg
n/Stop591.jpg
n/Stop590.jpg
n/Stop59.jpg
n/Stop589.jpg
n/Stop588.jpg
n/Stop587.jpg
n/Stop586.jpg
n/Stop585.jpg
n/Stop584.jpg
n/Stop583.jpg
n/Stop582.jpg
n/Stop581.jpg
n/Stop580.jpg
n/Stop58.jpg
n/Stop579.jpg
n/Stop578.jpg
n/Stop577.jpg
n/Stop576.jpg
n/Stop575.jpg
n/Stop574.jpg
n/Stop573.jpg
n/Stop572.jpg
n/Stop571.jpg
n/Stop570.jpg
n/Stop57.jpg
n/Stop569.jpg
n/Stop568.jpg
n/Stop567.jpg
n/Stop566.jpg
n/Stop565.jpg
n/Stop564.jpg
n/Stop563.jpg
n/Stop562.jpg
n/Stop561.jpg
n/Stop560.jpg
n/Stop56.jpg
n/Stop559.jpg
n/Stop558.jpg
n/Stop557.jpg
n/Stop556.jpg
n/Stop555.jpg
n/Stop554.jpg
n/Stop553.jpg
n/Stop552.jpg
n/Stop551.jpg
n/Stop550.jpg
n/Stop55.jpg
n/Stop549.jpg
n/Stop548.jpg
n/Stop547.jpg
n/Stop546.jpg
n/Stop545.jpg
n/Stop544.jpg
n/Stop543.jpg
n/Stop542.jpg
n/Stop541.jpg
n/Stop540.jpg
n/Stop54.jpg
n/Stop539.jpg
n/Stop538.jpg
n/Stop537.jpg
n/Stop536.jpg
n/Stop535.jpg
n/Stop534.jpg
n/Stop533.jpg
n/Stop532.jpg
n/Stop531.jpg
n/Stop530.jpg
n/Stop53.jpg
n/Stop529.jpg
n/Stop528.jpg
n/Stop527.jpg
n/Stop526.jpg
n/Stop525.jpg
n/Stop524.jpg
n/Stop523.jpg
n/Stop522.jpg
n/Stop521.jpg
n/Stop520.jpg
n/Stop52.jpg
n/Stop519.jpg
n/Stop518.jpg
n/Stop517.jpg
n/Stop516.jpg
n/Stop515.jpg
n/Stop514.jpg
n/Stop513.jpg
n/Stop512.jpg
n/Stop511.jpg
n/Stop510.jpg
n/Stop51.jpg
n/Stop509.jpg
n/Stop508.jpg
n/Stop507.jpg
n/Stop506.jpg
n/Stop505.jpg
n/Stop504.jpg
n/Stop503.jpg
n/Stop502.jpg
n/Stop501.jpg
n/Stop500.jpg
n/Stop50.jpg
n/Stop5.jpg
n/Stop499.jpg
n/Stop498.jpg
n/Stop497.jpg
n/Stop496.jpg
n/Stop495.jpg
n/Stop494.jpg
n/Stop493.jpg
n/Stop492.jpg
n/Stop491.jpg
n/Stop490.jpg
n/Stop49.jpg
n/Stop489.jpg
n/Stop488.jpg
n/Stop487.jpg
n/Stop486.jpg
n/Stop485.jpg
n/Stop484.jpg
n/Stop483.jpg
n/Stop482.jpg
n/Stop481.jpg
n/Stop480.jpg
n/Stop48.jpg
n/Stop479.jpg
n/Stop478.jpg
n/Stop477.jpg
n/Stop476.jpg
n/Stop475.jpg
n/Stop474.jpg
n/Stop473.jpg
n/Stop472.jpg
n/Stop471.jpg
n/Stop470.jpg
n/Stop47.jpg
n/Stop469.jpg
n/Stop468.jpg
n/Stop467.jpg
n/Stop466.jpg
n/Stop465.jpg
n/Stop464.jpg
n/Stop463.jpg
n/Stop462.jpg
n/Stop461.jpg
n/Stop460.jpg
n/Stop46.jpg
n/Stop459.jpg
n/Stop458.jpg
n/Stop457.jpg
n/Stop456.jpg
n/Stop455.jpg
n/Stop453.jpg
n/Stop454.jpg
n/Stop452.jpg
n/Stop451.jpg
n/Stop450.jpg
n/Stop45.jpg
n/Stop449.jpg
n/Stop448.jpg
n/Stop447.jpg
n/Stop446.jpg
n/Stop445.jpg
n/Stop444.jpg
n/Stop443.jpg
n/Stop442.jpg
n/Stop441.jpg
n/Stop440.jpg
n/Stop44.jpg
n/Stop439.jpg
n/Stop438.jpg
n/Stop437.jpg
n/Stop436.jpg
n/Stop435.jpg
n/Stop434.jpg
n/Stop433.jpg
n/Stop432.jpg
n/Stop431.jpg
n/Stop430.jpg
n/Stop43.jpg
n/Stop429.jpg
n/Stop428.jpg
n/Stop427.jpg
n/Stop426.jpg
n/Stop425.jpg
n/Stop424.jpg
n/Stop423.jpg
n/Stop422.jpg
n/Stop421.jpg
n/Stop420.jpg
n/Stop42.jpg
n/Stop419.jpg
n/Stop418.jpg
n/Stop417.jpg
n/Stop416.jpg
n/Stop415.jpg
n/Stop414.jpg
n/Stop413.jpg
n/Stop412.jpg
n/Stop411.jpg
n/Stop410.jpg
n/Stop41.jpg
n/Stop409.jpg
n/Stop408.jpg
n/Stop407.jpg
n/Stop406.jpg
n/Stop405.jpg
n/Stop404.jpg
n/Stop403.jpg
n/Stop402.jpg
n/Stop401.jpg
n/Stop400.jpg
n/Stop4.jpg
n/Stop40.jpg
n/Stop399.jpg
n/Stop398.jpg
n/Stop397.jpg
n/Stop396.jpg
n/Stop395.jpg
n/Stop394.jpg
n/Stop393.jpg
n/Stop392.jpg
n/Stop391.jpg
n/Stop390.jpg
n/Stop39.jpg
n/Stop389.jpg
n/Stop388.jpg
n/Stop387.jpg
n/Stop386.jpg
n/Stop385.jpg
n/Stop384.jpg
n/Stop383.jpg
n/Stop382.jpg
n/Stop381.jpg
n/Stop380.jpg
n/Stop38.jpg
n/Stop379.jpg
n/Stop378.jpg
n/Stop377.jpg
n/Stop376.jpg
n/Stop375.jpg
n/Stop374.jpg
n/Stop373.jpg
n/Stop372.jpg
n/Stop371.jpg
n/Stop370.jpg
n/Stop37.jpg
n/Stop369.jpg
n/Stop368.jpg
n/Stop367.jpg
n/Stop366.jpg
n/Stop365.jpg
n/Stop364.jpg
n/Stop363.jpg
n/Stop362.jpg
n/Stop361.jpg
n/Stop360.jpg
n/Stop36.jpg
n/Stop359.jpg
n/Stop358.jpg
n/Stop357.jpg
n/Stop356.jpg
n/Stop355.jpg
n/Stop354.jpg
n/Stop353.jpg
n/Stop352.jpg
n/Stop351.jpg
n/Stop350.jpg
n/Stop35.jpg
n/Stop349.jpg
n/Stop348.jpg
n/Stop347.jpg
n/Stop346.jpg
n/Stop345.jpg
n/Stop344.jpg
n/Stop343.jpg
n/Stop342.jpg
n/Stop341.jpg
n/Stop340.jpg
n/Stop34.jpg
n/Stop339.jpg
n/Stop338.jpg
n/Stop337.jpg
n/Stop336.jpg
n/Stop335.jpg
n/Stop334.jpg
n/Stop333.jpg
n/Stop332.jpg
n/Stop331.jpg
n/Stop330.jpg
n/Stop33.jpg
n/Stop329.jpg
n/Stop328.jpg
n/Stop327.jpg
n/Stop326.jpg
n/Stop325.jpg
n/Stop324.jpg
n/Stop323.jpg
n/Stop322.jpg
n/Stop321.jpg
n/Stop320.jpg
n/Stop32.jpg
n/Stop319.jpg
n/Stop318.jpg
n/Stop317.jpg
n/Stop316.jpg
n/Stop315.jpg
n/Stop314.jpg
n/Stop313.jpg
n/Stop312.jpg
n/Stop311.jpg
n/Stop310.jpg
n/Stop31.jpg
n/Stop309.jpg
n/Stop308.jpg
n/Stop307.jpg
n/Stop306.jpg
n/Stop305.jpg
n/Stop304.jpg
n/Stop303.jpg
n/Stop302.jpg
n/Stop301.jpg
n/Stop300.jpg
n/Stop30.jpg
n/Stop3.jpg
n/Stop299.jpg
n/Stop298.jpg
n/Stop297.jpg
n/Stop296.jpg
n/Stop295.jpg
n/Stop294.jpg
n/Stop293.jpg
n/Stop292.jpg
n/Stop291.jpg
n/Stop290.jpg
n/Stop29.jpg
n/Stop289.jpg
n/Stop288.jpg
n/Stop287.jpg
n/Stop286.jpg
n/Stop285.jpg
n/Stop284.jpg
n/Stop283.jpg
n/Stop282.jpg
n/Stop281.jpg
n/Stop280.jpg
n/Stop28.jpg
n/Stop279.jpg
n/Stop278.jpg
n/Stop277.jpg
n/Stop276.jpg
n/Stop275.jpg
n/Stop274.jpg
n/Stop273.jpg
n/Stop272.jpg
n/Stop271.jpg
n/Stop270.jpg
n/Stop27.jpg
n/Stop269.jpg
n/Stop268.jpg
n/Stop267.jpg
n/Stop266.jpg
n/Stop265.jpg
n/Stop264.jpg
n/Stop263.jpg
n/Stop262.jpg
n/Stop261.jpg
n/Stop260.jpg
n/Stop26.jpg
n/Stop259.jpg
n/Stop258.jpg
n/Stop257.jpg
n/Stop256.jpg
n/Stop255.jpg
n/Stop254.jpg
n/Stop253.jpg
n/Stop252.jpg
n/Stop251.jpg
n/Stop250.jpg
n/Stop25.jpg
n/Stop249.jpg
n/Stop248.jpg
n/Stop247.jpg
n/Stop246.jpg
n/Stop245.jpg
n/Stop244.jpg
n/Stop243.jpg
n/Stop242.jpg
n/Stop241.jpg
n/Stop240.jpg
n/Stop24.jpg
n/Stop239.jpg
n/Stop238.jpg
n/Stop237.jpg
n/Stop236.jpg
n/Stop235.jpg
n/Stop234.jpg
n/Stop233.jpg
n/Stop232.jpg
n/Stop231.jpg
n/Stop230.jpg
n/Stop23.jpg
n/Stop229.jpg
n/Stop228.jpg
n/Stop227.jpg
n/Stop226.jpg
n/Stop225.jpg
n/Stop224.jpg
n/Stop223.jpg
n/Stop222.jpg
n/Stop221.jpg
n/Stop220.jpg
n/Stop22.jpg
n/Stop219.jpg
n/Stop218.jpg
n/Stop217.jpg
n/Stop216.jpg
n/Stop215.jpg
n/Stop214.jpg
n/Stop213.jpg
n/Stop212.jpg
n/Stop211.jpg
n/Stop210.jpg
n/Stop21.jpg
n/Stop209.jpg
n/Stop208.jpg
n/Stop207.jpg
n/Stop206.jpg
n/Stop205.jpg
n/Stop204.jpg
n/Stop203.jpg
n/Stop202.jpg
n/Stop201.jpg
n/Stop200.jpg
n/Stop20.jpg
n/Stop2.jpg
n/Stop199.jpg
n/Stop198.jpg
n/Stop197.jpg
n/Stop196.jpg
n/Stop195.jpg
n/Stop194.jpg
n/Stop193.jpg
n/Stop192.jpg
n/Stop191.jpg
n/Stop190.jpg
n/Stop19.jpg
n/Stop189.jpg
n/Stop188.jpg
n/Stop187.jpg
n/Stop186.jpg
n/Stop185.jpg
n/Stop184.jpg
n/Stop183.jpg
n/Stop182.jpg
n/Stop181.jpg
n/Stop180.jpg
n/Stop18.jpg
n/Stop179.jpg
n/Stop178.jpg
n/Stop177.jpg
n/Stop176.jpg
n/Stop175.jpg
n/Stop174.jpg
n/Stop173.jpg
n/Stop172.jpg
n/Stop171.jpg
n/Stop170.jpg
n/Stop17.jpg
n/Stop169.jpg
n/Stop168.jpg
n/Stop167.jpg
n/Stop166.jpg
n/Stop165.jpg
n/Stop164.jpg
n/Stop163.jpg
n/Stop162.jpg
n/Stop160.jpg
n/Stop161.jpg
n/Stop16.jpg
n/Stop159.jpg
n/Stop158.jpg
n/Stop157.jpg
n/Stop156.jpg
n/Stop155.jpg
n/Stop154.jpg
n/Stop153.jpg
n/Stop152.jpg
n/Stop151.jpg
n/Stop150.jpg
n/Stop15.jpg
n/Stop149.jpg
n/Stop148.jpg
n/Stop147.jpg
n/Stop146.jpg
n/Stop145.jpg
n/Stop144.jpg
n/Stop143.jpg
n/Stop142.jpg
n/Stop141.jpg
n/Stop140.jpg
n/Stop14.jpg
n/Stop139.jpg
n/Stop138.jpg
n/Stop137.jpg
n/Stop136.jpg
n/Stop135.jpg
n/Stop134.jpg
n/Stop133.jpg
n/Stop132.jpg
n/Stop131.jpg
n/Stop130.jpg
n/Stop13.jpg
n/Stop129.jpg
n/Stop128.jpg
n/Stop127.jpg
n/Stop126.jpg
n/Stop125.jpg
n/Stop124.jpg
n/Stop123.jpg
n/Stop122.jpg
n/Stop121.jpg
n/Stop120.jpg
n/Stop12.jpg
n/Stop119.jpg
n/Stop118.jpg
n/Stop117.jpg
n/Stop116.jpg
n/Stop115.jpg
n/Stop114.jpg
n/Stop113.jpg
n/Stop112.jpg
n/Stop111.jpg
n/Stop110.jpg
n/Stop11.jpg
n/Stop109.jpg
n/Stop108.jpg
n/Stop107.jpg
n/Stop106.jpg
n/Stop105.jpg
n/Stop104.jpg
n/Stop103.jpg
n/Stop102.jpg
n/Stop101.jpg
n/Stop1000.jpg
n/Stop100.jpg
n/Stop10.jpg
n/Stop1.jpg
n/Stop0.jpg